14:42:41 **** Incremental Build of configuration Debug for project TP_FreeRTOS_CROCE_MONNIER ****
make -j12 all 
arm-none-eabi-gcc "../Core/Src/main.c" -mcpu=cortex-m7 -std=gnu11 -g3 -DDEBUG -DUSE_HAL_DRIVER -DSTM32F746xx -c -I../Core/Inc -I../Drivers/STM32F7xx_HAL_Driver/Inc -I../Drivers/STM32F7xx_HAL_Driver/Inc/Legacy -I../Drivers/CMSIS/Device/ST/STM32F7xx/Include -I../Drivers/CMSIS/Include -I../Middlewares/Third_Party/FreeRTOS/Source/include -I../Middlewares/Third_Party/FreeRTOS/Source/CMSIS_RTOS -I../Middlewares/Third_Party/FreeRTOS/Source/portable/GCC/ARM_CM7/r0p1 -O0 -ffunction-sections -fdata-sections -Wall -fstack-usage -fcyclomatic-complexity -MMD -MP -MF"Core/Src/main.d" -MT"Core/Src/main.o" --specs=nano.specs -mfpu=fpv5-sp-d16 -mfloat-abi=hard -mthumb -o "Core/Src/main.o"
../Core/Src/main.c:126:1: warning: "/*" within comment [-Wcomment]
  126 | /* USER CODE END 0 */
      |  
../Core/Src/main.c: In function 'main':
../Core/Src/main.c:189:29: warning: passing argument 3 of 'shell_add' from incompatible pointer type [-Wincompatible-pointer-types]
  189 |   shell_add(&var_shell,'f', fonction, "Une fonction inutile");
      |                             ^~~~~~~~
      |                             |
      |                             int (*)(int,  char **)
In file included from ../Core/Src/main.c:29:
../Core/Src/shell.h:48:65: note: expected 'shell_func_pointer_t' {aka 'int (*)(struct h_shell_struct *, int,  char **)'} but argument is of type 'int (*)(int,  char **)'
   48 | int shell_add(h_shell_t * h_shell, char c, shell_func_pointer_t pfunc, char * description);
      |                                            ~~~~~~~~~~~~~~~~~~~~~^~~~~
arm-none-eabi-gcc -o "TP_FreeRTOS_CROCE_MONNIER.elf" @"objects.list"   -mcpu=cortex-m7 -T"/home/lcroce/Documents/Dev_Soft/TP_FreeRTOS_CROCE_MONNIER/TP_FreeRTOS_CROCE_MONNIER/STM32F746NGHX_FLASH.ld" --specs=nosys.specs -Wl,-Map="TP_FreeRTOS_CROCE_MONNIER.map" -Wl,--gc-sections -static --specs=nano.specs -mfpu=fpv5-sp-d16 -mfloat-abi=hard -mthumb -Wl,--start-group -lc -lm -Wl,--end-group
Finished building target: TP_FreeRTOS_CROCE_MONNIER.elf
 
arm-none-eabi-size  TP_FreeRTOS_CROCE_MONNIER.elf 
arm-none-eabi-objdump -h -S TP_FreeRTOS_CROCE_MONNIER.elf  > "TP_FreeRTOS_CROCE_MONNIER.list"
   text	   data	    bss	    dec	    hex	filename
  27812	    108	  19196	  47116	   b80c	TP_FreeRTOS_CROCE_MONNIER.elf
Finished building: default.size.stdout
 
Finished building: TP_FreeRTOS_CROCE_MONNIER.list
 
14:42:44 **** Incremental Build of configuration Debug for project TP_FreeRTOS_CROCE_MONNIER ****
make -j12 all 
arm-none-eabi-size  TP_FreeRTOS_CROCE_MONNIER.elf 
   text	   data	    bss	    dec	    hex	filename
  27812	    108	  19196	  47116	   b80c	TP_FreeRTOS_CROCE_MONNIER.elf
Finished building: default.size.stdout
 
