10:28:49 **** Incremental Build of configuration Debug for project TP_FreeRTOS_CROCE_MONNIER ****
make -j12 all 
arm-none-eabi-gcc "../Core/Src/main.c" -mcpu=cortex-m7 -std=gnu11 -g3 -DDEBUG -DUSE_HAL_DRIVER -DSTM32F746xx -c -I../Core/Inc -I../Drivers/STM32F7xx_HAL_Driver/Inc -I../Drivers/STM32F7xx_HAL_Driver/Inc/Legacy -I../Drivers/CMSIS/Device/ST/STM32F7xx/Include -I../Drivers/CMSIS/Include -I../Middlewares/Third_Party/FreeRTOS/Source/include -I../Middlewares/Third_Party/FreeRTOS/Source/CMSIS_RTOS -I../Middlewares/Third_Party/FreeRTOS/Source/portable/GCC/ARM_CM7/r0p1 -O0 -ffunction-sections -fdata-sections -Wall -fstack-usage -fcyclomatic-complexity -MMD -MP -MF"Core/Src/main.d" -MT"Core/Src/main.o" --specs=nano.specs -mfpu=fpv5-sp-d16 -mfloat-abi=hard -mthumb -o "Core/Src/main.o"
In file included from ../Drivers/CMSIS/Device/ST/STM32F7xx/Include/stm32f746xx.h:173,
                 from ../Drivers/CMSIS/Device/ST/STM32F7xx/Include/stm32f7xx.h:127,
                 from ../Drivers/STM32F7xx_HAL_Driver/Inc/stm32f7xx_hal_def.h:29,
                 from ../Drivers/STM32F7xx_HAL_Driver/Inc/stm32f7xx_hal_rcc.h:27,
                 from ../Core/Inc/stm32f7xx_hal_conf.h:271,
                 from ../Drivers/STM32F7xx_HAL_Driver/Inc/stm32f7xx_hal.h:29,
                 from ../Core/Inc/main.h:30,
                 from ../Core/Src/main.c:20:
../Core/Src/main.c: In function 'CodeLedOFF':
../Drivers/CMSIS/Include/core_cm7.h:1831:39: warning: statement with no effect [-Wunused-value]
 1831 |   #define NVIC_SystemReset            __NVIC_SystemReset
      |                                       ^~~~~~~~~~~~~~~~~~
../Core/Src/main.c:97:25: note: in expansion of macro 'NVIC_SystemReset'
   97 |                         NVIC_SystemReset;
      |                         ^~~~~~~~~~~~~~~~
../Core/Src/main.c: In function 'main':
../Core/Src/main.c:130:20: warning: variable 'xReturned' set but not used [-Wunused-but-set-variable]
  130 |         BaseType_t xReturned;
      |                    ^~~~~~~~~
arm-none-eabi-gcc -o "TP_FreeRTOS_CROCE_MONNIER.elf" @"objects.list"   -mcpu=cortex-m7 -T"/home/lcroce/Documents/Dev_Soft/TP_FreeRTOS_CROCE_MONNIER/TP_FreeRTOS_CROCE_MONNIER/STM32F746NGHX_FLASH.ld" --specs=nosys.specs -Wl,-Map="TP_FreeRTOS_CROCE_MONNIER.map" -Wl,--gc-sections -static --specs=nano.specs -mfpu=fpv5-sp-d16 -mfloat-abi=hard -mthumb -Wl,--start-group -lc -lm -Wl,--end-group
Finished building target: TP_FreeRTOS_CROCE_MONNIER.elf
 
arm-none-eabi-size  TP_FreeRTOS_CROCE_MONNIER.elf 
arm-none-eabi-objdump -h -S TP_FreeRTOS_CROCE_MONNIER.elf  > "TP_FreeRTOS_CROCE_MONNIER.list"
   text	   data	    bss	    dec	    hex	filename
  26880	    108	  18340	  45328	   b110	TP_FreeRTOS_CROCE_MONNIER.elf
Finished building: default.size.stdout
 
Finished building: TP_FreeRTOS_CROCE_MONNIER.list
 

10:28:50 Build Finished. 0 errors, 2 warnings. (took 496ms)

